// Vitest Snapshot v1, https://vitest.dev/guide/snapshot.html

exports[`Fixtures Integration Tests > Complex TypeScript Project Analysis > should create analysis report snapshot > complex-typescript-project-analysis 1`] = `
{
  "entitySummary": {
    "class": 9,
    "function": 18,
    "import": 3,
    "interface": 10,
    "type": 2,
    "variable": 11,
  },
  "fileAnalysis": [
    {
      "entities": 10,
      "entityTypes": [
        "class",
        "function",
      ],
      "fileName": "index.ts",
      "totalLines": 77,
    },
    {
      "entities": 19,
      "entityTypes": [
        "class",
        "function",
        "interface",
        "type",
        "variable",
      ],
      "fileName": "Logger.ts",
      "totalLines": 91,
    },
    {
      "entities": 8,
      "entityTypes": [
        "interface",
        "type",
      ],
      "fileName": "User.ts",
      "totalLines": 61,
    },
    {
      "entities": 16,
      "entityTypes": [
        "class",
        "function",
        "import",
        "interface",
        "variable",
      ],
      "fileName": "UserService.ts",
      "totalLines": 102,
    },
  ],
  "totalFiles": 4,
  "typeSummary": {
    "classes": 0,
    "enums": 0,
    "interfaces": 0,
    "typeAliases": 0,
  },
}
`;

exports[`Fixtures Integration Tests > Error Handling with Malformed Files > should create error handling summary > malformed-files-analysis 1`] = `
{
  "fileResults": [
    {
      "entitiesFound": 0,
      "fileName": "binary-data.bin",
      "hasEntities": false,
      "totalLines": 3,
    },
    {
      "entitiesFound": 0,
      "fileName": "empty.js",
      "hasEntities": false,
      "totalLines": 1,
    },
    {
      "entitiesFound": 7,
      "fileName": "syntax-errors.js",
      "hasEntities": true,
      "totalLines": 34,
    },
  ],
  "totalFiles": 3,
}
`;

exports[`Fixtures Integration Tests > Simple JavaScript Project Analysis > should create JavaScript analysis snapshot > simple-javascript-project-analysis 1`] = `
{
  "files": [
    {
      "entities": [
        {
          "line": 3,
          "name": "Calculator",
          "type": "class",
        },
        {
          "line": 8,
          "name": "calculate",
          "type": "function",
        },
        {
          "line": 9,
          "name": "result",
          "type": "variable",
        },
        {
          "line": 29,
          "name": "getHistory",
          "type": "function",
        },
        {
          "line": 33,
          "name": "clearHistory",
          "type": "function",
        },
        {
          "line": 38,
          "name": "runDemo",
          "type": "function",
        },
        {
          "line": 39,
          "name": "calc",
          "type": "variable",
        },
      ],
      "name": "main.js",
    },
    {
      "entities": [
        {
          "line": 2,
          "name": "add",
          "type": "function",
        },
        {
          "line": 6,
          "name": "multiply",
          "type": "function",
        },
        {
          "line": 10,
          "name": "divide",
          "type": "variable",
        },
      ],
      "name": "utils.js",
    },
  ],
}
`;
